2026-10-01 20:28:32 scheduler started
2026-10-01 20:33:28 scheduler started
2026-10-01 20:49:26 DONE a-s4-h14
2026-10-01 20:49:26 DONE a-lossvar
2026-10-01 20:49:32 LAUNCH a2-s4-h5h10 on a1 -> ok
2026-10-01 20:49:36 LAUNCH a2-s5-n20n28 on a3 -> ok
2026-10-01 20:50:58 scheduler started
2026-10-01 20:51:40 scheduler started
2026-10-01 20:59:41 DONE a-s5-n32
2026-10-01 20:59:51 LAUNCH a3-seed2-0 on a2 -> ok
2026-10-01 21:02:32 scheduler started
2026-10-01 21:05:44 DONE a-s5-n40
2026-10-01 21:05:53 LAUNCH e-qm-check2 on a3 -> ok
2026-10-01 21:10:51 DONE e-qm-check2
2026-10-01 21:11:01 LAUNCH a3-seed2-1 on a3 -> ok
2026-10-01 21:13:47 scheduler started
2026-10-01 21:19:38 DONE a-s4-h1h3
2026-10-01 21:19:50 LAUNCH e-qm-check3 on a1 -> ok
2026-10-01 21:22:27 DONE e-qm-check3
2026-10-01 21:22:37 LAUNCH a3-seed2-2 on a1 -> ok
2026-10-01 21:25:21 scheduler started
2026-10-01 21:31:06 DONE a-s4h7-s5n24
2026-10-01 21:31:18 LAUNCH b0-diff-pilot on a2 -> ok
2026-10-01 22:01:14 DONE a2-s4-h5h10
2026-10-01 22:01:19 scheduler started
2026-10-01 22:11:35 DONE a3-seed2-0
2026-10-01 22:14:42 DONE a2-s5-n20n28
2026-10-01 22:14:42 DONE b0-diff-pilot
2026-10-01 22:14:42 DECISION H* = 3, N* = 16 (N/M = 1.00), precip mm-loss = True -- Sprint 4 winner s4_h3_n16, Sprint 5 winner s4_h7_n16, Sprint 3 winner lin_h7_n16 (seed-mean val CSS, ties to cheaper)
2026-10-01 22:14:42 DECISION Long-schedule confirmation run for runner-up H: H=14, N=16 -- Phase A runs were capped at 50 epochs while still improving
2026-10-01 22:14:42 DECISION Long-schedule confirmation run for runner-up N: H=3, N=20 -- Phase A runs were capped at 50 epochs while still improving
2026-10-01 22:14:42 DECISION Long-schedule confirmation run for runner-up Nmax: H=3, N=40 -- Phase A runs were capped at 50 epochs while still improving
2026-10-01 22:14:42 DECISION Long-schedule confirmation run for runner-up Hmax+Nmax: H=14, N=40 -- Phase A runs were capped at 50 epochs while still improving
2026-10-01 22:14:42 PLANNED Phase B/C: 16 jobs
2026-10-01 22:14:54 LAUNCH b-s9-S on a1 -> ok
2026-10-01 22:15:04 LAUNCH c-s9-M on a2 -> ok
2026-10-01 22:15:15 LAUNCH c-s9-L on a2 -> ok
2026-10-01 22:15:23 LAUNCH c-confirm-h14-n16 on a3 -> ok
2026-10-01 22:15:30 scheduler started
2026-10-01 22:16:18 scheduler started
2026-10-01 22:29:37 DONE a3-seed2-1
2026-10-01 22:29:47 LAUNCH c-confirm-h3-n20 on a3 -> ok
2026-10-01 22:51:59 DONE a3-seed2-2
2026-10-01 22:52:09 LAUNCH c-confirm-h3-n40 on a1 -> ok
2026-10-01 23:19:31 DONE c-confirm-h14-n16
2026-10-01 23:19:40 LAUNCH c-confirm-h14-n40 on a3 -> ok
2026-10-01 23:22:23 DONE b-s9-S
2026-10-01 23:22:33 LAUNCH b-s6-diff on a1 -> ok
2026-10-01 23:39:48 DONE c-confirm-h3-n20
2026-10-01 23:39:56 LAUNCH c-s9-moe-e4k1f50 on a3 -> ok
2026-10-01 23:42:33 INBOX append f-v21-h3-n16
2026-10-01 23:42:33 INBOX append f-v21-h14-n16
2026-10-01 23:42:33 INBOX append f-v21-h3-n20
2026-10-01 23:42:33 INBOX append f-v21-h3-n40
2026-10-02 00:07:20 DONE c-s9-M
2026-10-02 00:07:32 LAUNCH c-s9-moe-e8k1f50 on a2 -> ok
2026-10-02 00:15:13 DONE c-confirm-h3-n40
2026-10-02 00:15:26 LAUNCH c-s9-moe-e16k1f50 on a1 -> ok
2026-10-02 00:23:22 DONE b-s6-diff
2026-10-02 00:23:22 DECISION Sprint 7/8 evaluation on s6_diff_s0 (det s9_dense_S_s0) -- diffusion seed 0 trained; seed 1 kept for training-noise check
2026-10-02 00:23:22 PLANNED Phase D
2026-10-02 00:23:34 LAUNCH c-s9-moe-e4k2f50 on a1 -> ok
2026-10-02 00:46:34 DONE c-s9-moe-e4k1f50
2026-10-02 00:46:42 LAUNCH c-s9-moe-e8k2f50 on a3 -> ok
2026-10-02 00:59:37 DONE c-s9-L
2026-10-02 00:59:51 LAUNCH c-s9-moe-e16k2f50 on a2 -> ok
2026-10-02 01:02:48 DONE c-confirm-h14-n40
2026-10-02 01:02:58 LAUNCH c-s9-moe-e8k1f25 on a3 -> ok
2026-10-02 01:20:44 DONE c-s9-moe-e8k1f50
2026-10-02 01:20:56 LAUNCH c-s9-moe-e8k1f100 on a2 -> ok
2026-10-02 01:39:14 DONE c-s9-moe-e16k1f50
2026-10-02 01:39:14 DONE c-s9-moe-e4k2f50
2026-10-02 01:39:26 LAUNCH f-v21-h3-n16 on a1 -> ok
2026-10-02 01:39:37 LAUNCH f-v21-h14-n16 on a1 -> ok
2026-10-02 02:05:01 DONE c-s9-moe-e8k2f50
2026-10-02 02:05:10 LAUNCH f-v21-h3-n20 on a3 -> ok
2026-10-02 02:13:04 DONE c-s9-moe-e8k1f25
2026-10-02 02:13:13 LAUNCH f-v21-h3-n40 on a3 -> ok
2026-10-02 02:23:38 DONE c-s9-moe-e16k2f50
2026-10-02 02:36:06 DONE c-s9-moe-e8k1f100
2026-10-02 02:41:00 DONE f-v21-h3-n16
2026-10-02 02:41:12 LAUNCH d-s7-p0 on a1 -> ok
2026-10-02 02:48:40 DONE f-v21-h14-n16
2026-10-02 02:48:52 LAUNCH d-s7-p2 on a1 -> ok
2026-10-02 02:58:18 DONE f-v21-h3-n20
2026-10-02 03:05:25 DONE d-s7-p0
2026-10-02 03:05:37 LAUNCH d-s8-p0 on a1 -> ok
2026-10-02 03:08:04 DONE d-s7-p2
2026-10-02 03:23:48 DONE d-s8-p0
2026-10-02 03:45:10 DONE f-v21-h3-n40
2026-10-02 12:05:56 INBOX append s10-det-a
2026-10-02 12:05:56 INBOX append s10-det-b
2026-10-02 12:06:06 LAUNCH s10-det-a on a2 -> ok
2026-10-02 12:06:16 LAUNCH s10-det-b on a2 -> ok
2026-10-02 12:12:59 INBOX append s10-oof
2026-10-02 12:12:59 INBOX append s10-diff-a
2026-10-02 12:12:59 INBOX append s10-diff-b
2026-10-02 12:12:59 INBOX append s10-cal
2026-10-02 12:15:09 INBOX append s10r-det-a
2026-10-02 12:15:09 INBOX append s10r-det-b
2026-10-02 12:15:09 INBOX append s10r-oof
2026-10-02 12:15:09 INBOX append s10r-diff
2026-10-02 12:15:16 LAUNCH s10r-det-a on a3 -> ok
2026-10-02 12:15:24 LAUNCH s10r-det-b on a3 -> ok
2026-10-02 13:01:24 DONE s10-det-a
2026-10-02 13:12:38 DONE s10r-det-a
2026-10-02 13:25:47 DONE s10-det-b
2026-10-02 13:25:58 LAUNCH s10-oof on a2 -> ok
2026-10-02 13:30:31 DONE s10-oof
2026-10-02 13:30:42 LAUNCH s10-diff-a on a2 -> ok
2026-10-02 13:30:52 LAUNCH s10-diff-b on a2 -> ok
2026-10-02 13:33:06 INBOX append s10v-a
2026-10-02 13:33:06 INBOX append s10v-b
2026-10-02 13:33:18 LAUNCH s10v-a on a1 -> ok
2026-10-02 13:33:18 LAUNCH s10v-b on a1 -> FAILED usage: launch.py [-h] --account {a1,a2,a3} --name NAME --lane LANE [LANE ...]
                 --expected_min EXPECTED_MIN
                 [--kernel_sources [KERNEL_SOURCES ...]] [--sprint SPRINT]
launch.py: error: argument --lane: expected at least one argument

2026-10-02 13:35:37 INBOX update s10v-b ['lanes', 'retries']
2026-10-02 13:35:49 LAUNCH s10v-b on a1 -> ok
2026-10-02 13:45:54 DONE s10r-det-b
2026-10-02 13:46:05 LAUNCH s10r-oof on a3 -> ok
2026-10-02 13:48:37 DONE s10r-oof
2026-10-02 13:48:46 LAUNCH s10r-diff on a3 -> ok
2026-10-02 14:32:47 DONE s10v-b
2026-10-02 14:40:03 DONE s10-diff-b
2026-10-02 14:51:35 DONE s10-diff-a
2026-10-02 14:51:45 LAUNCH s10-cal on a2 -> ok
2026-10-02 14:54:11 DONE s10v-a
2026-10-02 14:56:35 INBOX append s10f-det-a
2026-10-02 14:56:35 INBOX append s10f-det-b
2026-10-02 14:56:35 INBOX append s10f-oof
2026-10-02 14:56:35 INBOX append s10f-diff
2026-10-02 14:56:35 DONE s10r-diff
2026-10-02 14:56:47 LAUNCH s10f-det-a on a1 -> ok
2026-10-02 14:56:59 LAUNCH s10f-det-b on a1 -> ok
2026-10-02 15:28:48 DONE s10-cal
2026-10-02 15:33:20 DONE s10f-det-a
2026-10-02 15:47:11 scheduler started
2026-10-02 15:56:06 DONE s10f-det-b
2026-10-02 15:56:16 LAUNCH s10f-oof on a1 -> ok
2026-10-02 16:00:52 DONE s10f-oof
2026-10-02 16:01:04 LAUNCH s10f-diff on a1 -> ok
2026-10-02 16:30:55 INBOX append s10s1-det-a
2026-10-02 16:30:55 INBOX append s10s1-det-b
2026-10-02 16:30:55 INBOX append s10s1-oof
2026-10-02 16:30:55 INBOX append s10s1-diff
2026-10-02 16:30:55 INBOX append s10s2-det-a
2026-10-02 16:30:55 INBOX append s10s2-det-b
2026-10-02 16:30:55 INBOX append s10s2-oof
2026-10-02 16:30:55 INBOX append s10s2-diff
2026-10-02 16:30:55 INBOX append s10-calmodel
2026-10-02 16:30:55 INBOX append s10s0-oofm
2026-10-02 16:30:55 INBOX append s10cap-SM
2026-10-02 16:30:55 INBOX append s10cap-L
2026-10-02 16:31:07 LAUNCH s10s1-det-a on a2 -> ok
2026-10-02 16:31:18 LAUNCH s10s1-det-b on a2 -> ok
2026-10-02 16:31:26 LAUNCH s10s2-det-a on a3 -> ok
2026-10-02 16:31:34 LAUNCH s10s2-det-b on a3 -> ok
2026-10-02 16:31:45 LAUNCH s10-calmodel on a1 -> ok
2026-10-02 16:31:56 LAUNCH s10cap-SM on a4 -> ok
2026-10-02 16:32:07 LAUNCH s10cap-L on a4 -> ok
2026-10-02 16:34:37 INBOX append s10-calfit
2026-10-02 17:06:40 DONE s10s1-det-a
2026-10-02 17:09:21 DONE s10s2-det-a
2026-10-02 17:27:27 DONE s10f-diff
2026-10-02 17:27:27 DONE s10s1-det-b
2026-10-02 17:27:37 LAUNCH s10s1-oof on a2 -> ok
2026-10-02 17:27:49 LAUNCH s10s0-oofm on a1 -> ok
2026-10-02 17:30:38 DONE s10s1-oof
2026-10-02 17:30:38 DONE s10s2-det-b
2026-10-02 17:30:50 LAUNCH s10s1-diff on a2 -> ok
2026-10-02 17:30:57 LAUNCH s10s2-oof on a3 -> ok
2026-10-02 17:33:31 DONE s10s0-oofm
2026-10-02 17:36:01 DONE s10s2-oof
2026-10-02 17:36:08 LAUNCH s10s2-diff on a3 -> ok
2026-10-02 17:48:36 INBOX append s10-modes
2026-10-02 17:51:28 DONE s10cap-SM
2026-10-02 17:58:49 DONE s10-calmodel
2026-10-02 17:59:03 LAUNCH s10-calfit on a1 -> ok
2026-10-02 18:31:46 DONE s10cap-L
2026-10-02 18:34:08 INBOX append s10cap2-SL
2026-10-02 18:34:08 INBOX append s10cap2-ML
2026-10-02 18:34:08 DONE s10-calfit
2026-10-02 18:34:17 LAUNCH s10-modes on a1 -> ok
2026-10-02 18:34:28 LAUNCH s10cap2-SL on a4 -> ok
2026-10-02 18:34:37 LAUNCH s10cap2-ML on a4 -> ok
2026-10-02 19:01:05 INBOX append s10dcap-s1
2026-10-02 19:01:05 INBOX append s10dcap-s2
2026-10-02 19:01:05 INBOX append s10dcap-val
2026-10-02 19:01:15 LAUNCH s10dcap-s1 on a2 -> ok
2026-10-02 19:01:23 LAUNCH s10dcap-s2 on a3 -> ok
2026-10-02 19:04:27 DONE s10s1-diff
2026-10-02 19:04:27 DONE s10s2-diff
2026-10-02 19:04:37 LAUNCH s10dcap-val on a2 -> ok
2026-10-02 19:34:40 DONE s10-modes
2026-10-02 19:44:49 INBOX append s10-steps22
2026-10-02 19:45:00 LAUNCH s10-steps22 on a1 -> ok
2026-10-02 19:49:51 INBOX append s10-bench
2026-10-02 19:50:01 LAUNCH s10-bench on a1 -> ok
2026-10-02 19:55:30 DONE s10-bench
2026-10-02 20:08:20 DONE s10-steps22
2026-10-02 20:30:35 DONE s10cap2-SL
2026-10-02 21:08:20 DONE s10cap2-ML
2026-10-02 21:12:44 INBOX append s10dcap-s0
2026-10-02 21:12:55 LAUNCH s10dcap-s0 on a4 -> ok
2026-10-02 22:21:19 DONE s10dcap-s1
2026-10-02 22:21:19 DONE s10dcap-s2
2026-10-02 22:59:26 DONE s10dcap-val
2026-10-03 00:20:39 DONE s10dcap-s0
2026-10-03 10:36:39 INBOX append s11-a
2026-10-03 10:36:39 INBOX append s11-b
2026-10-03 10:36:39 INBOX append s11-c
2026-10-03 10:36:39 INBOX append s11-d
2026-10-03 10:36:53 LAUNCH s11-a on a4 -> ok
2026-10-03 10:37:07 LAUNCH s11-b on a4 -> ok
2026-10-03 10:37:15 LAUNCH s11-c on a3 -> ok
2026-10-03 10:39:29 INBOX update s11-d ['needs', 'lanes', 'expected_min']
2026-10-03 10:39:37 LAUNCH s11-d on a3 -> ok
2026-10-03 10:49:22 INBOX append s11-post
2026-10-03 10:49:33 LAUNCH s11-post on a1 -> ok
2026-10-03 11:27:55 DONE s11-post
2026-10-03 11:32:26 INBOX append s11-davg
2026-10-03 11:32:36 LAUNCH s11-davg on a1 -> ok
2026-10-03 12:00:18 INBOX append s11-post2
2026-10-03 12:00:27 LAUNCH s11-post2 on a1 -> ok
2026-10-03 12:22:19 DONE s11-post2
2026-10-03 13:03:10 DONE s11-davg
2026-10-03 13:45:41 DONE s11-d
2026-10-03 14:29:58 DONE s11-a
2026-10-03 14:41:43 DONE s11-b
2026-10-03 14:48:57 DONE s11-c
2026-10-03 14:50:57 INBOX append s12s0-det-a
2026-10-03 14:50:57 INBOX append s12s0-det-b
2026-10-03 14:50:57 INBOX append s12s0-oof
2026-10-03 14:50:57 INBOX append s12s1-det-a
2026-10-03 14:50:57 INBOX append s12s1-det-b
2026-10-03 14:50:57 INBOX append s12s1-oof
2026-10-03 14:50:57 INBOX append s12s2-det-a
2026-10-03 14:50:57 INBOX append s12s2-det-b
2026-10-03 14:50:57 INBOX append s12s2-oof
2026-10-03 14:51:08 LAUNCH s12s0-det-a on a2 -> ok
2026-10-03 14:51:20 LAUNCH s12s0-det-b on a2 -> ok
2026-10-03 14:51:29 LAUNCH s12s1-det-a on a3 -> ok
2026-10-03 14:51:38 LAUNCH s12s1-det-b on a3 -> ok
2026-10-03 14:51:50 LAUNCH s12s2-det-a on a4 -> ok
2026-10-03 14:52:03 LAUNCH s12s2-det-b on a4 -> ok
2026-10-03 14:54:28 INBOX append s12s0-diff
2026-10-03 14:54:28 INBOX append s12s1-diff
2026-10-03 14:54:28 INBOX append s12s2-diff
2026-10-03 15:30:26 DONE s12s0-det-a
2026-10-03 15:30:26 DONE s12s1-det-a
2026-10-03 15:30:26 DONE s12s2-det-a
2026-10-03 15:49:04 DONE s12s1-det-b
2026-10-03 15:49:13 LAUNCH s12s1-oof on a3 -> ok
2026-10-03 15:52:01 DONE s12s0-det-b
2026-10-03 15:52:01 DONE s12s2-det-b
2026-10-03 15:52:12 LAUNCH s12s0-oof on a2 -> ok
2026-10-03 15:52:24 LAUNCH s12s2-oof on a4 -> ok
2026-10-03 15:55:04 DONE s12s1-oof
2026-10-03 15:55:12 LAUNCH s12s1-diff on a3 -> ok
2026-10-03 15:57:46 DONE s12s0-oof
2026-10-03 15:57:46 DONE s12s2-oof
2026-10-03 15:57:57 LAUNCH s12s0-diff on a2 -> ok
2026-10-03 15:58:10 LAUNCH s12s2-diff on a4 -> ok
2026-10-03 16:18:59 INBOX append s11-post3
2026-10-03 16:19:12 LAUNCH s11-post3 on a1 -> ok
2026-10-03 16:40:34 DONE s11-post3
2026-10-03 17:31:39 DONE s12s1-diff
2026-10-03 17:31:39 DONE s12s2-diff
2026-10-03 17:38:11 DONE s12s0-diff
